// Jest Snapshot v1, https://goo.gl/fbAQLP

exports[`AuthorSection should render the component correctly 1`] = `
<div
  className="author"
>
  <Link
    replace={false}
    to="/channel/DSACQEK1238321JLKNE"
  >
    <_default
      className="sv-avatar"
      username=""
    />
  </Link>
  <div
    className="sv-name"
  >
    <div>
      <Link
        replace={false}
        to="/channel/DSACQEK1238321JLKNE"
      />
       . 0 Videos
    </div>
    <Connect(Subscriber)
      id="DSACQEK1238321JLKNE"
      sub={0}
    />
  </div>
  <div
    className="sv-views"
  >
    <div
      className="sv-views-count"
    >
      0
       Views
    </div>
  </div>
  <div
    className="clearfix"
  />
</div>
`;
