// Jest Snapshot v1, https://goo.gl/fbAQLP

exports[`CommentSingle should render correctly the CommentSingle components 1`] = `
<div>
  <div
    className="cl-comment"
  >
    <div
      className="cl-avatar"
    >
      <Link
        replace={false}
        to="/channel/undefined"
      >
        <_default
          username="My name"
        />
      </Link>
    </div>
    <div
      className="cl-comment-text"
    >
      <div
        className="cl-name-date"
      >
        <Link
          replace={false}
          to="/channel/undefined"
        >
          My name
        </Link>
         . 
        14 years ago
      </div>
      <div
        className="cl-text"
      >
        Hello World !
      </div>
      <div
        className="cl-meta"
      >
        <button
          className="reply-button"
          onClick={[Function]}
          type="submit"
        >
          Reply
        </button>
      </div>
    </div>
    <div
      className="clearfix"
    />
  </div>
</div>
`;
